
  .   ____          _            __ _ _
 /\\ / ___'_ __ _ _(_)_ __  __ _ \ \ \ \
( ( )\___ | '_ | '_| | '_ \/ _` | \ \ \ \
 \\/  ___)| |_)| | | | | || (_| |  ) ) ) )
  '  |____| .__|_| |_|_| |_\__, | / / / /
 =========|_|==============|___/=/_/_/_/

 :: Spring Boot ::                (v3.3.5)

2026-10-06T14:42:20.907+05:30  INFO 28644 --- [           main] c.decisiontwin.DecisionTwinApplication   : Starting DecisionTwinApplication v0.1.0 using Java 17.0.12 with PID 28644 (C:\Users\ASUS\Desktop\Arkane\backend\target\decisiontwin-api-0.1.0.jar started by ASUS in C:\Users\ASUS\Desktop\Arkane)
2026-10-06T14:42:20.911+05:30  INFO 28644 --- [           main] c.decisiontwin.DecisionTwinApplication   : No active profile set, falling back to 1 default profile: "default"
2026-10-06T14:42:22.030+05:30  INFO 28644 --- [           main] .s.d.r.c.RepositoryConfigurationDelegate : Bootstrapping Spring Data JPA repositories in DEFAULT mode.
2026-10-06T14:42:22.108+05:30  INFO 28644 --- [           main] .s.d.r.c.RepositoryConfigurationDelegate : Finished Spring Data repository scanning in 68 ms. Found 5 JPA repository interfaces.
2026-10-06T14:42:23.124+05:30  INFO 28644 --- [           main] o.s.b.w.embedded.tomcat.TomcatWebServer  : Tomcat initialized with port 8080 (http)
2026-10-06T14:42:23.153+05:30  INFO 28644 --- [           main] o.apache.catalina.core.StandardService   : Starting service [Tomcat]
2026-10-06T14:42:23.155+05:30  INFO 28644 --- [           main] o.apache.catalina.core.StandardEngine    : Starting Servlet engine: [Apache Tomcat/10.1.31]
2026-10-06T14:42:23.257+05:30  INFO 28644 --- [           main] o.a.c.c.C.[Tomcat].[localhost].[/]       : Initializing Spring embedded WebApplicationContext
2026-10-06T14:42:23.260+05:30  INFO 28644 --- [           main] w.s.c.ServletWebServerApplicationContext : Root WebApplicationContext: initialization completed in 2290 ms
2026-10-06T14:42:23.330+05:30  INFO 28644 --- [           main] o.s.boot.web.servlet.RegistrationBean    : Filter jwtFilterRegistration was not registered (disabled)
2026-10-06T14:42:23.332+05:30  INFO 28644 --- [           main] o.s.boot.web.servlet.RegistrationBean    : Filter rateLimitFilterRegistration was not registered (disabled)
2026-10-06T14:42:24.048+05:30  INFO 28644 --- [           main] com.zaxxer.hikari.HikariDataSource       : HikariPool-1 - Starting...
2026-10-06T14:42:24.209+05:30  INFO 28644 --- [           main] com.zaxxer.hikari.pool.HikariPool        : HikariPool-1 - Added connection org.postgresql.jdbc.PgConnection@39023dbf
2026-10-06T14:42:24.211+05:30  INFO 28644 --- [           main] com.zaxxer.hikari.HikariDataSource       : HikariPool-1 - Start completed.
2026-10-06T14:42:24.248+05:30  INFO 28644 --- [           main] org.flywaydb.core.FlywayExecutor         : Database: jdbc:postgresql://localhost:5432/decisiontwin (PostgreSQL 16.13)
2026-10-06T14:42:24.295+05:30  INFO 28644 --- [           main] o.f.core.internal.command.DbValidate     : Successfully validated 1 migration (execution time 00:00.029s)
2026-10-06T14:42:24.331+05:30  INFO 28644 --- [           main] o.f.core.internal.command.DbMigrate      : Current version of schema "public": 1
2026-10-06T14:42:24.333+05:30  INFO 28644 --- [           main] o.f.core.internal.command.DbMigrate      : Schema "public" is up to date. No migration necessary.
2026-10-06T14:42:24.430+05:30  INFO 28644 --- [           main] o.hibernate.jpa.internal.util.LogHelper  : HHH000204: Processing PersistenceUnitInfo [name: default]
2026-10-06T14:42:24.499+05:30  INFO 28644 --- [           main] org.hibernate.Version                    : HHH000412: Hibernate ORM core version 6.5.3.Final
2026-10-06T14:42:24.543+05:30  INFO 28644 --- [           main] o.h.c.internal.RegionFactoryInitiator    : HHH000026: Second-level cache disabled
2026-10-06T14:42:24.793+05:30  INFO 28644 --- [           main] o.s.o.j.p.SpringPersistenceUnitInfo      : No LoadTimeWeaver setup: ignoring JPA class transformer
2026-10-06T14:42:25.639+05:30  INFO 28644 --- [           main] o.h.e.t.j.p.i.JtaPlatformInitiator       : HHH000489: No JTA platform available (set 'hibernate.transaction.jta.platform' to enable JTA platform integration)
2026-10-06T14:42:25.667+05:30  INFO 28644 --- [           main] j.LocalContainerEntityManagerFactoryBean : Initialized JPA EntityManagerFactory for persistence unit 'default'
2026-10-06T14:42:26.066+05:30  INFO 28644 --- [           main] o.s.d.j.r.query.QueryEnhancerFactory     : Hibernate is in classpath; If applicable, HQL parser will be used.
2026-10-06T14:42:26.982+05:30  WARN 28644 --- [           main] .s.s.UserDetailsServiceAutoConfiguration : 

Using generated security password: 8ac54ebf-0f83-4cb0-b9b0-b2140b3696cc

This generated password is for development use only. Your security configuration must be updated before running your application in production.

2026-10-06T14:42:27.009+05:30  INFO 28644 --- [           main] r$InitializeUserDetailsManagerConfigurer : Global AuthenticationManager configured with UserDetailsService bean with name inMemoryUserDetailsManager
2026-10-06T14:42:27.248+05:30  INFO 28644 --- [           main] o.s.b.a.w.s.WelcomePageHandlerMapping    : Adding welcome page: URL [file:/C:/Users/ASUS/Desktop/Arkane/frontend/index.html]
2026-10-06T14:42:27.839+05:30  INFO 28644 --- [           main] o.s.b.w.embedded.tomcat.TomcatWebServer  : Tomcat started on port 8080 (http) with context path '/'
2026-10-06T14:42:27.851+05:30  INFO 28644 --- [           main] c.decisiontwin.DecisionTwinApplication   : Started DecisionTwinApplication in 7.557 seconds (process running for 8.056)
2026-10-06T14:42:35.828+05:30  INFO 28644 --- [nio-8080-exec-1] o.a.c.c.C.[Tomcat].[localhost].[/]       : Initializing Spring DispatcherServlet 'dispatcherServlet'
2026-10-06T14:42:35.830+05:30  INFO 28644 --- [nio-8080-exec-1] o.s.web.servlet.DispatcherServlet        : Initializing Servlet 'dispatcherServlet'
2026-10-06T14:42:35.831+05:30  INFO 28644 --- [nio-8080-exec-1] o.s.web.servlet.DispatcherServlet        : Completed initialization in 1 ms
